[2025-11-16 03:27:04.467] [info] Checker execution started.
[2025-11-16 03:27:04.467] [info] Evaluating solvability of input instances.
[2025-11-16 03:27:04.467] [info] 
[2025-11-16 03:27:04.467] [info] Processing file: ../../data/BIRDS_3.txt
[2025-11-16 03:27:04.467] [info]   Status: Solvable
[2025-11-16 03:27:04.467] [info]   Column height (N): 6
[2025-11-16 03:27:04.467] [info]   Columns processed: 9
[2025-11-16 03:27:04.467] [info]   Result: VALID
[2025-11-16 03:27:04.467] [info] 
[2025-11-16 03:27:04.467] [info] Processing file: ../../data/BIRDS_4.txt
[2025-11-16 03:27:04.467] [info]   Status: Solvable
[2025-11-16 03:27:04.467] [info]   Column height (N): 8
[2025-11-16 03:27:04.467] [info]   Columns processed: 11
[2025-11-16 03:27:04.467] [info]   Result: VALID
[2025-11-16 03:27:04.467] [info] 
[2025-11-16 03:27:04.467] [info] Processing file: ../../data/BIRDS_5.txt
[2025-11-16 03:27:04.467] [info]   Status: Solvable
[2025-11-16 03:27:04.467] [info]   Column height (N): 10
[2025-11-16 03:27:04.467] [info]   Columns processed: 13
[2025-11-16 03:27:04.467] [info]   Result: VALID
[2025-11-16 03:27:04.467] [info] 
[2025-11-16 03:27:04.467] [info] Processing file: ../../data/BIRDS_6.txt
[2025-11-16 03:27:04.467] [info]   Status: Solvable
[2025-11-16 03:27:04.467] [info]   Column height (N): 12
[2025-11-16 03:27:04.467] [info]   Columns processed: 15
[2025-11-16 03:27:04.467] [info]   Result: VALID
[2025-11-16 03:27:04.467] [info] 
[2025-11-16 03:27:04.467] [info] Processing file: ../../data/BIRDS_7.txt
[2025-11-16 03:27:04.467] [info]   Status: Solvable
[2025-11-16 03:27:04.467] [info]   Column height (N): 14
[2025-11-16 03:27:04.467] [info]   Columns processed: 17
[2025-11-16 03:27:04.467] [info]   Result: VALID
[2025-11-16 03:27:04.467] [info] 
[2025-11-16 03:27:04.467] [info] Processing file: ../../data/BIRDS_8.txt
[2025-11-16 03:27:04.467] [error]   Status: Unsolvable
[2025-11-16 03:27:04.467] [error]   Reason: Letter 'C' appears 25 times, which is not divisible by N=12.
[2025-11-16 03:27:04.467] [info] 
[2025-11-16 03:27:04.467] [info] Processing file: ../../data/BIRDS_9.txt
[2025-11-16 03:27:04.467] [error]   Status: Unsolvable
[2025-11-16 03:27:04.467] [error]   Reason: Letter 'D' appears 27 times, which is not divisible by N=14.
[2025-11-16 03:27:04.467] [info] 
[2025-11-16 03:27:04.467] [info] Processing file: ../../data/BIRDS_10.txt
[2025-11-16 03:27:04.468] [error]   Status: Invalid input
[2025-11-16 03:27:04.468] [error]   Reason: Column height mismatch: expected 130, found column of size 129.
[2025-11-16 03:27:04.468] [info] 
[2025-11-16 03:27:04.468] [info] Processing file: ../../data/BIRDS_11.txt
[2025-11-16 03:27:04.469] [info]   Status: Solvable
[2025-11-16 03:27:04.469] [info]   Column height (N): 130
[2025-11-16 03:27:04.469] [info]   Columns processed: 523
[2025-11-16 03:27:04.469] [info]   Result: VALID
[2025-11-16 03:27:04.469] [info] 
[2025-11-16 03:27:04.469] [info] Processing file: ../../data/BIRDS_12.txt
[2025-11-16 03:27:04.470] [error]   Status: Unsolvable
[2025-11-16 03:27:04.470] [error]   Reason: Letter 'A' appears 33801 times, which is not divisible by N=130.
[2025-11-16 03:27:04.470] [info] 
[2025-11-16 03:27:04.470] [info] Processing file: ../../data/BIRDS_13.txt
[2025-11-16 03:27:04.471] [info]   Status: Solvable
[2025-11-16 03:27:04.471] [info]   Column height (N): 130
[2025-11-16 03:27:04.471] [info]   Columns processed: 523
[2025-11-16 03:27:04.471] [info]   Result: VALID
[2025-11-16 03:27:04.471] [info] 
[2025-11-16 03:27:04.471] [info] Execution finished. Total time: 3 ms
